src/App.tsx(5226,18): error TS2304: Cannot find name 'SaveButton'.
src/App.tsx(5512,18): error TS2304: Cannot find name 'SaveButton'.
src/App.tsx(5612,18): error TS2304: Cannot find name 'SaveButton'.
src/App.tsx(5677,18): error TS2304: Cannot find name 'SaveButton'.
src/App.tsx(5775,18): error TS2304: Cannot find name 'SaveButton'.
src/App.tsx(5998,18): error TS2304: Cannot find name 'SaveButton'.
src/App.tsx(6078,18): error TS2304: Cannot find name 'SaveButton'.
src/App.tsx(6298,18): error TS2304: Cannot find name 'SaveButton'.
src/App.tsx(6359,18): error TS2304: Cannot find name 'SaveButton'.
src/App.tsx(6446,18): error TS2304: Cannot find name 'SaveButton'.
src/App.tsx(6525,18): error TS2304: Cannot find name 'SaveButton'.
src/App.tsx(6615,18): error TS2304: Cannot find name 'SaveButton'.
src/App.tsx(6693,18): error TS2304: Cannot find name 'SaveButton'.
